// Vitest Snapshot v1, https://vitest.dev/guide/snapshot.html

exports[`Search > Snapshot 1`] = `
<div>
  <div
    class="relative"
  >
    <div
      class="absolute inset-y-0 left-0 flex items-center pl-3 pointer-events-none"
    >
      <svg
        aria-hidden="true"
        class="text-gray-600"
        fill="none"
        height="1em"
        viewBox="0 0 20 20"
        width="1em"
        xmlns="http://www.w3.org/2000/svg"
      >
        <path
          d="m19 19-4-4m0-7A7 7 0 1 1 1 8a7 7 0 0 1 14 0Z"
          stroke="currentColor"
        />
      </svg>
    </div>
    <input
      class="w-full p-4 pl-10 text-sm text-gray-900 rounded-xl shadow-lg bg-gray-50 focus:ring focus:ring-cyan-600 focus:border-cyan-500 focus-visible:outline-none transition-all"
      placeholder="Acer, Tab, Alcatel..."
      type="text"
    />
  </div>
</div>
`;
